Archive member included because of file (symbol)

c:/program files (x86)/mhv avr tools/bin/../lib/gcc/avr/4.8.2/../../../../avr/lib/avr5\libm.a(addsf3.o)
                              main.o (__subsf3)
c:/program files (x86)/mhv avr tools/bin/../lib/gcc/avr/4.8.2/../../../../avr/lib/avr5\libm.a(addsf3x.o)
                              c:/program files (x86)/mhv avr tools/bin/../lib/gcc/avr/4.8.2/../../../../avr/lib/avr5\libm.a(addsf3.o) (__addsf3x)
c:/program files (x86)/mhv avr tools/bin/../lib/gcc/avr/4.8.2/../../../../avr/lib/avr5\libm.a(divsf3.o)
                              main.o (__divsf3)
c:/program files (x86)/mhv avr tools/bin/../lib/gcc/avr/4.8.2/../../../../avr/lib/avr5\libm.a(divsf3x.o)
                              c:/program files (x86)/mhv avr tools/bin/../lib/gcc/avr/4.8.2/../../../../avr/lib/avr5\libm.a(divsf3.o) (__divsf3x)
c:/program files (x86)/mhv avr tools/bin/../lib/gcc/avr/4.8.2/../../../../avr/lib/avr5\libm.a(fixsfsi.o)
                              main.o (__fixsfsi)
c:/program files (x86)/mhv avr tools/bin/../lib/gcc/avr/4.8.2/../../../../avr/lib/avr5\libm.a(fixunssfsi.o)
                              c:/program files (x86)/mhv avr tools/bin/../lib/gcc/avr/4.8.2/../../../../avr/lib/avr5\libm.a(fixsfsi.o) (__fixunssfsi)
c:/program files (x86)/mhv avr tools/bin/../lib/gcc/avr/4.8.2/../../../../avr/lib/avr5\libm.a(floatsisf.o)
                              main.o (__floatsisf)
c:/program files (x86)/mhv avr tools/bin/../lib/gcc/avr/4.8.2/../../../../avr/lib/avr5\libm.a(fp_inf.o)
                              c:/program files (x86)/mhv avr tools/bin/../lib/gcc/avr/4.8.2/../../../../avr/lib/avr5\libm.a(addsf3x.o) (__fp_inf)
c:/program files (x86)/mhv avr tools/bin/../lib/gcc/avr/4.8.2/../../../../avr/lib/avr5\libm.a(fp_nan.o)
                              c:/program files (x86)/mhv avr tools/bin/../lib/gcc/avr/4.8.2/../../../../avr/lib/avr5\libm.a(addsf3x.o) (__fp_nan)
c:/program files (x86)/mhv avr tools/bin/../lib/gcc/avr/4.8.2/../../../../avr/lib/avr5\libm.a(fp_pscA.o)
                              c:/program files (x86)/mhv avr tools/bin/../lib/gcc/avr/4.8.2/../../../../avr/lib/avr5\libm.a(addsf3x.o) (__fp_pscA)
c:/program files (x86)/mhv avr tools/bin/../lib/gcc/avr/4.8.2/../../../../avr/lib/avr5\libm.a(fp_pscB.o)
                              c:/program files (x86)/mhv avr tools/bin/../lib/gcc/avr/4.8.2/../../../../avr/lib/avr5\libm.a(addsf3x.o) (__fp_pscB)
c:/program files (x86)/mhv avr tools/bin/../lib/gcc/avr/4.8.2/../../../../avr/lib/avr5\libm.a(fp_round.o)
                              c:/program files (x86)/mhv avr tools/bin/../lib/gcc/avr/4.8.2/../../../../avr/lib/avr5\libm.a(addsf3.o) (__fp_round)
c:/program files (x86)/mhv avr tools/bin/../lib/gcc/avr/4.8.2/../../../../avr/lib/avr5\libm.a(fp_split3.o)
                              c:/program files (x86)/mhv avr tools/bin/../lib/gcc/avr/4.8.2/../../../../avr/lib/avr5\libm.a(addsf3x.o) (__fp_split3)
c:/program files (x86)/mhv avr tools/bin/../lib/gcc/avr/4.8.2/../../../../avr/lib/avr5\libm.a(fp_zero.o)
                              c:/program files (x86)/mhv avr tools/bin/../lib/gcc/avr/4.8.2/../../../../avr/lib/avr5\libm.a(addsf3x.o) (__fp_zero)
c:/program files (x86)/mhv avr tools/bin/../lib/gcc/avr/4.8.2/../../../../avr/lib/avr5\libm.a(mulsf3.o)
                              main.o (__mulsf3)
c:/program files (x86)/mhv avr tools/bin/../lib/gcc/avr/4.8.2/../../../../avr/lib/avr5\libm.a(mulsf3x.o)
                              c:/program files (x86)/mhv avr tools/bin/../lib/gcc/avr/4.8.2/../../../../avr/lib/avr5\libm.a(mulsf3.o) (__mulsf3x)
c:/program files (x86)/mhv avr tools/bin/../lib/gcc/avr/4.8.2/../../../../avr/lib/avr5\libm.a(tan.o)
                              main.o (tan)
c:/program files (x86)/mhv avr tools/bin/../lib/gcc/avr/4.8.2/../../../../avr/lib/avr5\libm.a(fp_powsodd.o)
                              c:/program files (x86)/mhv avr tools/bin/../lib/gcc/avr/4.8.2/../../../../avr/lib/avr5\libm.a(tan.o) (__fp_powsodd)
c:/program files (x86)/mhv avr tools/bin/../lib/gcc/avr/4.8.2/../../../../avr/lib/avr5\libm.a(fp_rempio2.o)
                              c:/program files (x86)/mhv avr tools/bin/../lib/gcc/avr/4.8.2/../../../../avr/lib/avr5\libm.a(tan.o) (__fp_rempio2)
c:/program files (x86)/mhv avr tools/bin/../lib/gcc/avr/4.8.2/../../../../avr/lib/avr5\libm.a(inverse.o)
                              c:/program files (x86)/mhv avr tools/bin/../lib/gcc/avr/4.8.2/../../../../avr/lib/avr5\libm.a(tan.o) (inverse)
c:/program files (x86)/mhv avr tools/bin/../lib/gcc/avr/4.8.2/../../../../avr/lib/avr5\libm.a(fp_mpack.o)
                              c:/program files (x86)/mhv avr tools/bin/../lib/gcc/avr/4.8.2/../../../../avr/lib/avr5\libm.a(fp_rempio2.o) (__fp_mpack_finite)
c:/program files (x86)/mhv avr tools/bin/../lib/gcc/avr/4.8.2/../../../../avr/lib/avr5\libm.a(fp_powser.o)
                              c:/program files (x86)/mhv avr tools/bin/../lib/gcc/avr/4.8.2/../../../../avr/lib/avr5\libm.a(fp_powsodd.o) (__fp_powser)
C:\Users\RoryWork\Documents\Code\IlMatto\C11\AtmelStudio\C11\C11\liblcd.a(lcd.o)
                              main.o (init_lcd)
C:\Users\RoryWork\Documents\Code\IlMatto\C11\AtmelStudio\C11\C11\liblcd.a(ili934x.o)
                              C:\Users\RoryWork\Documents\Code\IlMatto\C11\AtmelStudio\C11\C11\liblcd.a(lcd.o) (init_display_controller)
C:\Users\RoryWork\Documents\Code\IlMatto\C11\AtmelStudio\C11\C11\liblcd.a(font.o)
                              C:\Users\RoryWork\Documents\Code\IlMatto\C11\AtmelStudio\C11\C11\liblcd.a(lcd.o) (font5x7)
c:/program files (x86)/mhv avr tools/bin/../lib/gcc/avr/4.8.2/avr5\libgcc.a(_exit.o)
                              c:/program files (x86)/mhv avr tools/bin/../lib/gcc/avr/4.8.2/../../../../avr/lib/avr5/crtm644p.o (exit)
c:/program files (x86)/mhv avr tools/bin/../lib/gcc/avr/4.8.2/avr5\libgcc.a(_copy_data.o)
                              main.o (__do_copy_data)
c:/program files (x86)/mhv avr tools/bin/../lib/gcc/avr/4.8.2/avr5\libgcc.a(_clear_bss.o)
                              main.o (__do_clear_bss)
c:/program files (x86)/mhv avr tools/bin/../lib/gcc/avr/4.8.2/../../../../avr/lib/avr5\libc.a(iob.o)
                              main.o (__iob)
c:/program files (x86)/mhv avr tools/bin/../lib/gcc/avr/4.8.2/../../../../avr/lib/avr5\libc.a(printf.o)
                              main.o (printf)
c:/program files (x86)/mhv avr tools/bin/../lib/gcc/avr/4.8.2/../../../../avr/lib/avr5\libc.a(vfprintf_std.o)
                              c:/program files (x86)/mhv avr tools/bin/../lib/gcc/avr/4.8.2/../../../../avr/lib/avr5\libc.a(printf.o) (vfprintf)
c:/program files (x86)/mhv avr tools/bin/../lib/gcc/avr/4.8.2/../../../../avr/lib/avr5\libc.a(strnlen_P.o)
                              c:/program files (x86)/mhv avr tools/bin/../lib/gcc/avr/4.8.2/../../../../avr/lib/avr5\libc.a(vfprintf_std.o) (strnlen_P)
c:/program files (x86)/mhv avr tools/bin/../lib/gcc/avr/4.8.2/../../../../avr/lib/avr5\libc.a(strnlen.o)
                              c:/program files (x86)/mhv avr tools/bin/../lib/gcc/avr/4.8.2/../../../../avr/lib/avr5\libc.a(vfprintf_std.o) (strnlen)
c:/program files (x86)/mhv avr tools/bin/../lib/gcc/avr/4.8.2/../../../../avr/lib/avr5\libc.a(fputc.o)
                              c:/program files (x86)/mhv avr tools/bin/../lib/gcc/avr/4.8.2/../../../../avr/lib/avr5\libc.a(vfprintf_std.o) (fputc)
c:/program files (x86)/mhv avr tools/bin/../lib/gcc/avr/4.8.2/../../../../avr/lib/avr5\libc.a(ultoa_invert.o)
                              c:/program files (x86)/mhv avr tools/bin/../lib/gcc/avr/4.8.2/../../../../avr/lib/avr5\libc.a(vfprintf_std.o) (__ultoa_invert)
c:/program files (x86)/mhv avr tools/bin/../lib/gcc/avr/4.8.2/avr5\libgcc.a(_prologue.o)
                              c:/program files (x86)/mhv avr tools/bin/../lib/gcc/avr/4.8.2/../../../../avr/lib/avr5\libc.a(printf.o) (__prologue_saves__)
c:/program files (x86)/mhv avr tools/bin/../lib/gcc/avr/4.8.2/avr5\libgcc.a(_epilogue.o)
                              c:/program files (x86)/mhv avr tools/bin/../lib/gcc/avr/4.8.2/../../../../avr/lib/avr5\libc.a(printf.o) (__epilogue_restores__)

Allocating common symbols
Common symbol       size              file

__iob               0x6               c:/program files (x86)/mhv avr tools/bin/../lib/gcc/avr/4.8.2/../../../../avr/lib/avr5\libc.a(iob.o)

Discarded input sections

 .bss           0x00000000        0x0 c:/program files (x86)/mhv avr tools/bin/../lib/gcc/avr/4.8.2/../../../../avr/lib/avr5/crtm644p.o
 .text          0x00000000        0x0 main.o
 .bss           0x00000000        0x0 main.o
 .text          0x00000000        0x0 c:/program files (x86)/mhv avr tools/bin/../lib/gcc/avr/4.8.2/../../../../avr/lib/avr5\libm.a(addsf3.o)
 .bss           0x00000000        0x0 c:/program files (x86)/mhv avr tools/bin/../lib/gcc/avr/4.8.2/../../../../avr/lib/avr5\libm.a(addsf3.o)
 .text          0x00000000        0x0 c:/program files (x86)/mhv avr tools/bin/../lib/gcc/avr/4.8.2/../../../../avr/lib/avr5\libm.a(addsf3x.o)
 .bss           0x00000000        0x0 c:/program files (x86)/mhv avr tools/bin/../lib/gcc/avr/4.8.2/../../../../avr/lib/avr5\libm.a(addsf3x.o)
 .text          0x00000000        0x0 c:/program files (x86)/mhv avr tools/bin/../lib/gcc/avr/4.8.2/../../../../avr/lib/avr5\libm.a(divsf3.o)
 .bss           0x00000000        0x0 c:/program files (x86)/mhv avr tools/bin/../lib/gcc/avr/4.8.2/../../../../avr/lib/avr5\libm.a(divsf3.o)
 .text          0x00000000        0x0 c:/program files (x86)/mhv avr tools/bin/../lib/gcc/avr/4.8.2/../../../../avr/lib/avr5\libm.a(divsf3x.o)
 .bss           0x00000000        0x0 c:/program files (x86)/mhv avr tools/bin/../lib/gcc/avr/4.8.2/../../../../avr/lib/avr5\libm.a(divsf3x.o)
 .text          0x00000000        0x0 c:/program files (x86)/mhv avr tools/bin/../lib/gcc/avr/4.8.2/../../../../avr/lib/avr5\libm.a(fixsfsi.o)
 .bss           0x00000000        0x0 c:/program files (x86)/mhv avr tools/bin/../lib/gcc/avr/4.8.2/../../../../avr/lib/avr5\libm.a(fixsfsi.o)
 .text          0x00000000        0x0 c:/program files (x86)/mhv avr tools/bin/../lib/gcc/avr/4.8.2/../../../../avr/lib/avr5\libm.a(fixunssfsi.o)
 .bss           0x00000000        0x0 c:/program files (x86)/mhv avr tools/bin/../lib/gcc/avr/4.8.2/../../../../avr/lib/avr5\libm.a(fixunssfsi.o)
 .text          0x00000000        0x0 c:/program files (x86)/mhv avr tools/bin/../lib/gcc/avr/4.8.2/../../../../avr/lib/avr5\libm.a(floatsisf.o)
 .bss           0x00000000        0x0 c:/program files (x86)/mhv avr tools/bin/../lib/gcc/avr/4.8.2/../../../../avr/lib/avr5\libm.a(floatsisf.o)
 .text          0x00000000        0x0 c:/program files (x86)/mhv avr tools/bin/../lib/gcc/avr/4.8.2/../../../../avr/lib/avr5\libm.a(fp_inf.o)
 .bss           0x00000000        0x0 c:/program files (x86)/mhv avr tools/bin/../lib/gcc/avr/4.8.2/../../../../avr/lib/avr5\libm.a(fp_inf.o)
 .text          0x00000000        0x0 c:/program files (x86)/mhv avr tools/bin/../lib/gcc/avr/4.8.2/../../../../avr/lib/avr5\libm.a(fp_nan.o)
 .bss           0x00000000        0x0 c:/program files (x86)/mhv avr tools/bin/../lib/gcc/avr/4.8.2/../../../../avr/lib/avr5\libm.a(fp_nan.o)
 .text          0x00000000        0x0 c:/program files (x86)/mhv avr tools/bin/../lib/gcc/avr/4.8.2/../../../../avr/lib/avr5\libm.a(fp_pscA.o)
 .bss           0x00000000        0x0 c:/program files (x86)/mhv avr tools/bin/../lib/gcc/avr/4.8.2/../../../../avr/lib/avr5\libm.a(fp_pscA.o)
 .text          0x00000000        0x0 c:/program files (x86)/mhv avr tools/bin/../lib/gcc/avr/4.8.2/../../../../avr/lib/avr5\libm.a(fp_pscB.o)
 .bss           0x00000000        0x0 c:/program files (x86)/mhv avr tools/bin/../lib/gcc/avr/4.8.2/../../../../avr/lib/avr5\libm.a(fp_pscB.o)
 .text          0x00000000        0x0 c:/program files (x86)/mhv avr tools/bin/../lib/gcc/avr/4.8.2/../../../../avr/lib/avr5\libm.a(fp_round.o)
 .bss           0x00000000        0x0 c:/program files (x86)/mhv avr tools/bin/../lib/gcc/avr/4.8.2/../../../../avr/lib/avr5\libm.a(fp_round.o)
 .text          0x00000000        0x0 c:/program files (x86)/mhv avr tools/bin/../lib/gcc/avr/4.8.2/../../../../avr/lib/avr5\libm.a(fp_split3.o)
 .bss           0x00000000        0x0 c:/program files (x86)/mhv avr tools/bin/../lib/gcc/avr/4.8.2/../../../../avr/lib/avr5\libm.a(fp_split3.o)
 .text          0x00000000        0x0 c:/program files (x86)/mhv avr tools/bin/../lib/gcc/avr/4.8.2/../../../../avr/lib/avr5\libm.a(fp_zero.o)
 .bss           0x00000000        0x0 c:/program files (x86)/mhv avr tools/bin/../lib/gcc/avr/4.8.2/../../../../avr/lib/avr5\libm.a(fp_zero.o)
 .text          0x00000000        0x0 c:/program files (x86)/mhv avr tools/bin/../lib/gcc/avr/4.8.2/../../../../avr/lib/avr5\libm.a(mulsf3.o)
 .bss           0x00000000        0x0 c:/program files (x86)/mhv avr tools/bin/../lib/gcc/avr/4.8.2/../../../../avr/lib/avr5\libm.a(mulsf3.o)
 .text          0x00000000        0x0 c:/program files (x86)/mhv avr tools/bin/../lib/gcc/avr/4.8.2/../../../../avr/lib/avr5\libm.a(mulsf3x.o)
 .bss           0x00000000        0x0 c:/program files (x86)/mhv avr tools/bin/../lib/gcc/avr/4.8.2/../../../../avr/lib/avr5\libm.a(mulsf3x.o)
 .text          0x00000000        0x0 c:/program files (x86)/mhv avr tools/bin/../lib/gcc/avr/4.8.2/../../../../avr/lib/avr5\libm.a(tan.o)
 .bss           0x00000000        0x0 c:/program files (x86)/mhv avr tools/bin/../lib/gcc/avr/4.8.2/../../../../avr/lib/avr5\libm.a(tan.o)
 .text          0x00000000        0x0 c:/program files (x86)/mhv avr tools/bin/../lib/gcc/avr/4.8.2/../../../../avr/lib/avr5\libm.a(fp_powsodd.o)
 .bss           0x00000000        0x0 c:/program files (x86)/mhv avr tools/bin/../lib/gcc/avr/4.8.2/../../../../avr/lib/avr5\libm.a(fp_powsodd.o)
 .text          0x00000000        0x0 c:/program files (x86)/mhv avr tools/bin/../lib/gcc/avr/4.8.2/../../../../avr/lib/avr5\libm.a(fp_rempio2.o)
 .bss           0x00000000        0x0 c:/program files (x86)/mhv avr tools/bin/../lib/gcc/avr/4.8.2/../../../../avr/lib/avr5\libm.a(fp_rempio2.o)
 .text          0x00000000        0x0 c:/program files (x86)/mhv avr tools/bin/../lib/gcc/avr/4.8.2/../../../../avr/lib/avr5\libm.a(inverse.o)
 .bss           0x00000000        0x0 c:/program files (x86)/mhv avr tools/bin/../lib/gcc/avr/4.8.2/../../../../avr/lib/avr5\libm.a(inverse.o)
 .text          0x00000000        0x0 c:/program files (x86)/mhv avr tools/bin/../lib/gcc/avr/4.8.2/../../../../avr/lib/avr5\libm.a(fp_mpack.o)
 .bss           0x00000000        0x0 c:/program files (x86)/mhv avr tools/bin/../lib/gcc/avr/4.8.2/../../../../avr/lib/avr5\libm.a(fp_mpack.o)
 .text          0x00000000        0x0 c:/program files (x86)/mhv avr tools/bin/../lib/gcc/avr/4.8.2/../../../../avr/lib/avr5\libm.a(fp_powser.o)
 .bss           0x00000000        0x0 c:/program files (x86)/mhv avr tools/bin/../lib/gcc/avr/4.8.2/../../../../avr/lib/avr5\libm.a(fp_powser.o)
 .bss           0x00000000        0x0 C:\Users\RoryWork\Documents\Code\IlMatto\C11\AtmelStudio\C11\C11\liblcd.a(lcd.o)
 .bss           0x00000000        0x0 C:\Users\RoryWork\Documents\Code\IlMatto\C11\AtmelStudio\C11\C11\liblcd.a(ili934x.o)
 .text          0x00000000        0x0 C:\Users\RoryWork\Documents\Code\IlMatto\C11\AtmelStudio\C11\C11\liblcd.a(font.o)
 .bss           0x00000000        0x0 C:\Users\RoryWork\Documents\Code\IlMatto\C11\AtmelStudio\C11\C11\liblcd.a(font.o)
 .text          0x00000000        0x0 c:/program files (x86)/mhv avr tools/bin/../lib/gcc/avr/4.8.2/avr5\libgcc.a(_exit.o)
 .bss           0x00000000        0x0 c:/program files (x86)/mhv avr tools/bin/../lib/gcc/avr/4.8.2/avr5\libgcc.a(_exit.o)
 .text.libgcc.mul
                0x00000000        0x0 c:/program files (x86)/mhv avr tools/bin/../lib/gcc/avr/4.8.2/avr5\libgcc.a(_exit.o)
 .text.libgcc.div
                0x00000000        0x0 c:/program files (x86)/mhv avr tools/bin/../lib/gcc/avr/4.8.2/avr5\libgcc.a(_exit.o)
 .text.libgcc   0x00000000        0x0 c:/program files (x86)/mhv avr tools/bin/../lib/gcc/avr/4.8.2/avr5\libgcc.a(_exit.o)
 .text.libgcc.prologue
                0x00000000        0x0 c:/program files (x86)/mhv avr tools/bin/../lib/gcc/avr/4.8.2/avr5\libgcc.a(_exit.o)
 .text.libgcc.builtins
                0x00000000        0x0 c:/program files (x86)/mhv avr tools/bin/../lib/gcc/avr/4.8.2/avr5\libgcc.a(_exit.o)
 .text.libgcc.fmul
                0x00000000        0x0 c:/program files (x86)/mhv avr tools/bin/../lib/gcc/avr/4.8.2/avr5\libgcc.a(_exit.o)
 .text.libgcc.fixed
                0x00000000        0x0 c:/program files (x86)/mhv avr tools/bin/../lib/gcc/avr/4.8.2/avr5\libgcc.a(_exit.o)
 .text          0x00000000        0x0 c:/program files (x86)/mhv avr tools/bin/../lib/gcc/avr/4.8.2/avr5\libgcc.a(_copy_data.o)
 .bss           0x00000000        0x0 c:/program files (x86)/mhv avr tools/bin/../lib/gcc/avr/4.8.2/avr5\libgcc.a(_copy_data.o)
 .text.libgcc.mul
                0x00000000        0x0 c:/program files (x86)/mhv avr tools/bin/../lib/gcc/avr/4.8.2/avr5\libgcc.a(_copy_data.o)
 .text.libgcc.div
                0x00000000        0x0 c:/program files (x86)/mhv avr tools/bin/../lib/gcc/avr/4.8.2/avr5\libgcc.a(_copy_data.o)
 .text.libgcc   0x00000000        0x0 c:/program files (x86)/mhv avr tools/bin/../lib/gcc/avr/4.8.2/avr5\libgcc.a(_copy_data.o)
 .text.libgcc.prologue
                0x00000000        0x0 c:/program files (x86)/mhv avr tools/bin/../lib/gcc/avr/4.8.2/avr5\libgcc.a(_copy_data.o)
 .text.libgcc.builtins
                0x00000000        0x0 c:/program files (x86)/mhv avr tools/bin/../lib/gcc/avr/4.8.2/avr5\libgcc.a(_copy_data.o)
 .text.libgcc.fmul
                0x00000000        0x0 c:/program files (x86)/mhv avr tools/bin/../lib/gcc/avr/4.8.2/avr5\libgcc.a(_copy_data.o)
 .text.libgcc.fixed
                0x00000000        0x0 c:/program files (x86)/mhv avr tools/bin/../lib/gcc/avr/4.8.2/avr5\libgcc.a(_copy_data.o)
 .text          0x00000000        0x0 c:/program files (x86)/mhv avr tools/bin/../lib/gcc/avr/4.8.2/avr5\libgcc.a(_clear_bss.o)
 .bss           0x00000000        0x0 c:/program files (x86)/mhv avr tools/bin/../lib/gcc/avr/4.8.2/avr5\libgcc.a(_clear_bss.o)
 .text.libgcc.mul
                0x00000000        0x0 c:/program files (x86)/mhv avr tools/bin/../lib/gcc/avr/4.8.2/avr5\libgcc.a(_clear_bss.o)
 .text.libgcc.div
                0x00000000        0x0 c:/program files (x86)/mhv avr tools/bin/../lib/gcc/avr/4.8.2/avr5\libgcc.a(_clear_bss.o)
 .text.libgcc   0x00000000        0x0 c:/program files (x86)/mhv avr tools/bin/../lib/gcc/avr/4.8.2/avr5\libgcc.a(_clear_bss.o)
 .text.libgcc.prologue
                0x00000000        0x0 c:/program files (x86)/mhv avr tools/bin/../lib/gcc/avr/4.8.2/avr5\libgcc.a(_clear_bss.o)
 .text.libgcc.builtins
                0x00000000        0x0 c:/program files (x86)/mhv avr tools/bin/../lib/gcc/avr/4.8.2/avr5\libgcc.a(_clear_bss.o)
 .text.libgcc.fmul
                0x00000000        0x0 c:/program files (x86)/mhv avr tools/bin/../lib/gcc/avr/4.8.2/avr5\libgcc.a(_clear_bss.o)
 .text.libgcc.fixed
                0x00000000        0x0 c:/program files (x86)/mhv avr tools/bin/../lib/gcc/avr/4.8.2/avr5\libgcc.a(_clear_bss.o)
 .text          0x00000000        0x0 c:/program files (x86)/mhv avr tools/bin/../lib/gcc/avr/4.8.2/../../../../avr/lib/avr5\libc.a(iob.o)
 .bss           0x00000000        0x0 c:/program files (x86)/mhv avr tools/bin/../lib/gcc/avr/4.8.2/../../../../avr/lib/avr5\libc.a(iob.o)
 .text          0x00000000        0x0 c:/program files (x86)/mhv avr tools/bin/../lib/gcc/avr/4.8.2/../../../../avr/lib/avr5\libc.a(printf.o)
 .bss           0x00000000        0x0 c:/program files (x86)/mhv avr tools/bin/../lib/gcc/avr/4.8.2/../../../../avr/lib/avr5\libc.a(printf.o)
 .text          0x00000000        0x0 c:/program files (x86)/mhv avr tools/bin/../lib/gcc/avr/4.8.2/../../../../avr/lib/avr5\libc.a(vfprintf_std.o)
 .bss           0x00000000        0x0 c:/program files (x86)/mhv avr tools/bin/../lib/gcc/avr/4.8.2/../../../../avr/lib/avr5\libc.a(vfprintf_std.o)
 .text          0x00000000        0x0 c:/program files (x86)/mhv avr tools/bin/../lib/gcc/avr/4.8.2/../../../../avr/lib/avr5\libc.a(strnlen_P.o)
 .bss           0x00000000        0x0 c:/program files (x86)/mhv avr tools/bin/../lib/gcc/avr/4.8.2/../../../../avr/lib/avr5\libc.a(strnlen_P.o)
 .text          0x00000000        0x0 c:/program files (x86)/mhv avr tools/bin/../lib/gcc/avr/4.8.2/../../../../avr/lib/avr5\libc.a(strnlen.o)
 .bss           0x00000000        0x0 c:/program files (x86)/mhv avr tools/bin/../lib/gcc/avr/4.8.2/../../../../avr/lib/avr5\libc.a(strnlen.o)
 .text          0x00000000        0x0 c:/program files (x86)/mhv avr tools/bin/../lib/gcc/avr/4.8.2/../../../../avr/lib/avr5\libc.a(fputc.o)
 .bss           0x00000000        0x0 c:/program files (x86)/mhv avr tools/bin/../lib/gcc/avr/4.8.2/../../../../avr/lib/avr5\libc.a(fputc.o)
 .text          0x00000000        0x0 c:/program files (x86)/mhv avr tools/bin/../lib/gcc/avr/4.8.2/../../../../avr/lib/avr5\libc.a(ultoa_invert.o)
 .bss           0x00000000        0x0 c:/program files (x86)/mhv avr tools/bin/../lib/gcc/avr/4.8.2/../../../../avr/lib/avr5\libc.a(ultoa_invert.o)
 .text          0x00000000        0x0 c:/program files (x86)/mhv avr tools/bin/../lib/gcc/avr/4.8.2/avr5\libgcc.a(_prologue.o)
 .bss           0x00000000        0x0 c:/program files (x86)/mhv avr tools/bin/../lib/gcc/avr/4.8.2/avr5\libgcc.a(_prologue.o)
 .text.libgcc.mul
                0x00000000        0x0 c:/program files (x86)/mhv avr tools/bin/../lib/gcc/avr/4.8.2/avr5\libgcc.a(_prologue.o)
 .text.libgcc.div
                0x00000000        0x0 c:/program files (x86)/mhv avr tools/bin/../lib/gcc/avr/4.8.2/avr5\libgcc.a(_prologue.o)
 .text.libgcc   0x00000000        0x0 c:/program files (x86)/mhv avr tools/bin/../lib/gcc/avr/4.8.2/avr5\libgcc.a(_prologue.o)
 .text.libgcc.builtins
                0x00000000        0x0 c:/program files (x86)/mhv avr tools/bin/../lib/gcc/avr/4.8.2/avr5\libgcc.a(_prologue.o)
 .text.libgcc.fmul
                0x00000000        0x0 c:/program files (x86)/mhv avr tools/bin/../lib/gcc/avr/4.8.2/avr5\libgcc.a(_prologue.o)
 .text.libgcc.fixed
                0x00000000        0x0 c:/program files (x86)/mhv avr tools/bin/../lib/gcc/avr/4.8.2/avr5\libgcc.a(_prologue.o)
 .text          0x00000000        0x0 c:/program files (x86)/mhv avr tools/bin/../lib/gcc/avr/4.8.2/avr5\libgcc.a(_epilogue.o)
 .bss           0x00000000        0x0 c:/program files (x86)/mhv avr tools/bin/../lib/gcc/avr/4.8.2/avr5\libgcc.a(_epilogue.o)
 .text.libgcc.mul
                0x00000000        0x0 c:/program files (x86)/mhv avr tools/bin/../lib/gcc/avr/4.8.2/avr5\libgcc.a(_epilogue.o)
 .text.libgcc.div
                0x00000000        0x0 c:/program files (x86)/mhv avr tools/bin/../lib/gcc/avr/4.8.2/avr5\libgcc.a(_epilogue.o)
 .text.libgcc   0x00000000        0x0 c:/program files (x86)/mhv avr tools/bin/../lib/gcc/avr/4.8.2/avr5\libgcc.a(_epilogue.o)
 .text.libgcc.builtins
                0x00000000        0x0 c:/program files (x86)/mhv avr tools/bin/../lib/gcc/avr/4.8.2/avr5\libgcc.a(_epilogue.o)
 .text.libgcc.fmul
                0x00000000        0x0 c:/program files (x86)/mhv avr tools/bin/../lib/gcc/avr/4.8.2/avr5\libgcc.a(_epilogue.o)
 .text.libgcc.fixed
                0x00000000        0x0 c:/program files (x86)/mhv avr tools/bin/../lib/gcc/avr/4.8.2/avr5\libgcc.a(_epilogue.o)

Memory Configuration

Name             Origin             Length             Attributes
text             0x00000000         0x00020000         xr
data             0x00800060         0x0000ffa0         rw !x
eeprom           0x00810000         0x00010000         rw !x
fuse             0x00820000         0x00000400         rw !x
lock             0x00830000         0x00000400         rw !x
signature        0x00840000         0x00000400         rw !x
*default*        0x00000000         0xffffffff

Linker script and memory map

Address of section .data set to 0x800100
LOAD c:/program files (x86)/mhv avr tools/bin/../lib/gcc/avr/4.8.2/../../../../avr/lib/avr5/crtm644p.o
LOAD main.o
START GROUP
LOAD c:/program files (x86)/mhv avr tools/bin/../lib/gcc/avr/4.8.2/../../../../avr/lib/avr5\libm.a
LOAD C:\Users\RoryWork\Documents\Code\IlMatto\C11\AtmelStudio\C11\C11\liblcd.a
END GROUP
START GROUP
LOAD c:/program files (x86)/mhv avr tools/bin/../lib/gcc/avr/4.8.2/avr5\libgcc.a
LOAD c:/program files (x86)/mhv avr tools/bin/../lib/gcc/avr/4.8.2/../../../../avr/lib/avr5\libm.a
LOAD c:/program files (x86)/mhv avr tools/bin/../lib/gcc/avr/4.8.2/../../../../avr/lib/avr5\libc.a
END GROUP

.hash
 *(.hash)

.dynsym
 *(.dynsym)

.dynstr
 *(.dynstr)

.gnu.version
 *(.gnu.version)

.gnu.version_d
 *(.gnu.version_d)

.gnu.version_r
 *(.gnu.version_r)

.rel.init
 *(.rel.init)

.rela.init
 *(.rela.init)

.rel.text
 *(.rel.text)
 *(.rel.text.*)
 *(.rel.gnu.linkonce.t*)

.rela.text
 *(.rela.text)
 *(.rela.text.*)
 *(.rela.gnu.linkonce.t*)

.rel.fini
 *(.rel.fini)

.rela.fini
 *(.rela.fini)

.rel.rodata
 *(.rel.rodata)
 *(.rel.rodata.*)
 *(.rel.gnu.linkonce.r*)

.rela.rodata
 *(.rela.rodata)
 *(.rela.rodata.*)
 *(.rela.gnu.linkonce.r*)

.rel.data
 *(.rel.data)
 *(.rel.data.*)
 *(.rel.gnu.linkonce.d*)

.rela.data
 *(.rela.data)
 *(.rela.data.*)
 *(.rela.gnu.linkonce.d*)

.rel.ctors
 *(.rel.ctors)

.rela.ctors
 *(.rela.ctors)

.rel.dtors
 *(.rel.dtors)

.rela.dtors
 *(.rela.dtors)

.rel.got
 *(.rel.got)

.rela.got
 *(.rela.got)

.rel.bss
 *(.rel.bss)

.rela.bss
 *(.rela.bss)

.rel.plt
 *(.rel.plt)

.rela.plt
 *(.rela.plt)

.text           0x00000000     0x1966
 *(.vectors)
 .vectors       0x00000000       0x7c c:/program files (x86)/mhv avr tools/bin/../lib/gcc/avr/4.8.2/../../../../avr/lib/avr5/crtm644p.o
                0x00000000                __vector_default
                0x00000000                __vectors
 *(.vectors)
 *(.progmem.gcc*)
 .progmem.gcc_fplib
                0x0000007c       0x23 c:/program files (x86)/mhv avr tools/bin/../lib/gcc/avr/4.8.2/../../../../avr/lib/avr5\libm.a(tan.o)
                0x000000a0                . = ALIGN (0x2)
 *fill*         0x0000009f        0x1 
                0x000000a0                __trampolines_start = .
 *(.trampolines)
 .trampolines   0x000000a0        0x0 linker stubs
 *(.trampolines*)
                0x000000a0                __trampolines_end = .
 *(.progmem*)
 .progmem.data  0x000000a0      0x1db C:\Users\RoryWork\Documents\Code\IlMatto\C11\AtmelStudio\C11\C11\liblcd.a(font.o)
                0x000000a0                font5x7
                0x0000027c                . = ALIGN (0x2)
 *fill*         0x0000027b        0x1 
 *(.jumptables)
 *(.jumptables*)
 *(.lowtext)
 *(.lowtext*)
                0x0000027c                __ctors_start = .
 *(.ctors)
                0x0000027c                __ctors_end = .
                0x0000027c                __dtors_start = .
 *(.dtors)
                0x0000027c                __dtors_end = .
 SORT(*)(.ctors)
 SORT(*)(.dtors)
 *(.init0)
 .init0         0x0000027c        0x0 c:/program files (x86)/mhv avr tools/bin/../lib/gcc/avr/4.8.2/../../../../avr/lib/avr5/crtm644p.o
                0x0000027c                __init
 *(.init0)
 *(.init1)
 *(.init1)
 *(.init2)
 .init2         0x0000027c        0xc c:/program files (x86)/mhv avr tools/bin/../lib/gcc/avr/4.8.2/../../../../avr/lib/avr5/crtm644p.o
 *(.init2)
 *(.init3)
 *(.init3)
 *(.init4)
 .init4         0x00000288       0x16 c:/program files (x86)/mhv avr tools/bin/../lib/gcc/avr/4.8.2/avr5\libgcc.a(_copy_data.o)
                0x00000288                __do_copy_data
 .init4         0x0000029e       0x10 c:/program files (x86)/mhv avr tools/bin/../lib/gcc/avr/4.8.2/avr5\libgcc.a(_clear_bss.o)
                0x0000029e                __do_clear_bss
 *(.init4)
 *(.init5)
 *(.init5)
 *(.init6)
 *(.init6)
 *(.init7)
 *(.init7)
 *(.init8)
 *(.init8)
 *(.init9)
 .init9         0x000002ae        0x8 c:/program files (x86)/mhv avr tools/bin/../lib/gcc/avr/4.8.2/../../../../avr/lib/avr5/crtm644p.o
 *(.init9)
 *(.text)
 .text          0x000002b6        0x4 c:/program files (x86)/mhv avr tools/bin/../lib/gcc/avr/4.8.2/../../../../avr/lib/avr5/crtm644p.o
                0x000002b6                __vector_22
                0x000002b6                __vector_28
                0x000002b6                __vector_1
                0x000002b6                __vector_24
                0x000002b6                __vector_12
                0x000002b6                __bad_interrupt
                0x000002b6                __vector_6
                0x000002b6                __vector_3
                0x000002b6                __vector_23
                0x000002b6                __vector_30
                0x000002b6                __vector_25
                0x000002b6                __vector_11
                0x000002b6                __vector_17
                0x000002b6                __vector_19
                0x000002b6                __vector_7
                0x000002b6                __vector_27
                0x000002b6                __vector_5
                0x000002b6                __vector_4
                0x000002b6                __vector_9
                0x000002b6                __vector_2
                0x000002b6                __vector_21
                0x000002b6                __vector_15
                0x000002b6                __vector_29
                0x000002b6                __vector_8
                0x000002b6                __vector_26
                0x000002b6                __vector_14
                0x000002b6                __vector_10
                0x000002b6                __vector_16
                0x000002b6                __vector_18
                0x000002b6                __vector_20
 .text          0x000002ba      0x4e2 C:\Users\RoryWork\Documents\Code\IlMatto\C11\AtmelStudio\C11\C11\liblcd.a(lcd.o)
                0x000002ba                init_lcd
                0x000002d4                set_orientation
                0x000003dc                fill_rectangle
                0x000004ac                fill_rectangle_indexed
                0x00000582                clear_screen
                0x000005f6                display_char
                0x00000776                display_string
 .text          0x0000079c      0x28a C:\Users\RoryWork\Documents\Code\IlMatto\C11\AtmelStudio\C11\C11\liblcd.a(ili934x.o)
                0x0000079c                init_display_controller
                0x00000a26                . = ALIGN (0x2)
 *(.text.*)
 .text.uputchar0
                0x00000a26       0x24 main.o
                0x00000a26                uputchar0
 .text.ugetchar0
                0x00000a4a       0x12 main.o
                0x00000a4a                ugetchar0
 .text.init_debug_uart0
                0x00000a5c       0x38 main.o
                0x00000a5c                init_debug_uart0
 .text.__vector_13
                0x00000a94      0x3fc main.o
                0x00000a94                __vector_13
 .text.main     0x00000e90       0x48 main.o
                0x00000e90                main
 .text.avr-libc.fplib
                0x00000ed8        0xa c:/program files (x86)/mhv avr tools/bin/../lib/gcc/avr/4.8.2/../../../../avr/lib/avr5\libm.a(addsf3.o)
                0x00000ed8                __subsf3
                0x00000eda                __addsf3
 .text.avr-libc.fplib
                0x00000ee2       0xc0 c:/program files (x86)/mhv avr tools/bin/../lib/gcc/avr/4.8.2/../../../../avr/lib/avr5\libm.a(addsf3x.o)
                0x00000efc                __addsf3x
 .text.avr-libc.fplib
                0x00000fa2        0x4 c:/program files (x86)/mhv avr tools/bin/../lib/gcc/avr/4.8.2/../../../../avr/lib/avr5\libm.a(divsf3.o)
                0x00000fa2                __divsf3
 .text.avr-libc.fplib
                0x00000fa6       0xcc c:/program files (x86)/mhv avr tools/bin/../lib/gcc/avr/4.8.2/../../../../avr/lib/avr5\libm.a(divsf3x.o)
                0x00000fbc                __divsf3x
                0x00000fc0                __divsf3_pse
 .text.avr-libc.fplib
                0x00001072        0xa c:/program files (x86)/mhv avr tools/bin/../lib/gcc/avr/4.8.2/../../../../avr/lib/avr5\libm.a(fixsfsi.o)
                0x00001072                __fixsfsi
 .text.avr-libc.fplib
                0x0000107c       0x58 c:/program files (x86)/mhv avr tools/bin/../lib/gcc/avr/4.8.2/../../../../avr/lib/avr5\libm.a(fixunssfsi.o)
                0x0000107c                __fixunssfsi
 .text.avr-libc.fplib
                0x000010d4       0x7a c:/program files (x86)/mhv avr tools/bin/../lib/gcc/avr/4.8.2/../../../../avr/lib/avr5\libm.a(floatsisf.o)
                0x000010d4                __floatunsisf
                0x000010d8                __floatsisf
 .text.avr-libc.fplib
                0x0000114e        0xc c:/program files (x86)/mhv avr tools/bin/../lib/gcc/avr/4.8.2/../../../../avr/lib/avr5\libm.a(fp_inf.o)
                0x0000114e                __fp_inf
 .text.avr-libc.fplib
                0x0000115a        0x6 c:/program files (x86)/mhv avr tools/bin/../lib/gcc/avr/4.8.2/../../../../avr/lib/avr5\libm.a(fp_nan.o)
                0x0000115a                __fp_nan
 .text.avr-libc.fplib
                0x00001160        0xe c:/program files (x86)/mhv avr tools/bin/../lib/gcc/avr/4.8.2/../../../../avr/lib/avr5\libm.a(fp_pscA.o)
                0x00001160                __fp_pscA
 .text.avr-libc.fplib
                0x0000116e        0xe c:/program files (x86)/mhv avr tools/bin/../lib/gcc/avr/4.8.2/../../../../avr/lib/avr5\libm.a(fp_pscB.o)
                0x0000116e                __fp_pscB
 .text.avr-libc.fplib
                0x0000117c       0x22 c:/program files (x86)/mhv avr tools/bin/../lib/gcc/avr/4.8.2/../../../../avr/lib/avr5\libm.a(fp_round.o)
                0x0000117c                __fp_round
 .text.avr-libc.fplib
                0x0000119e       0x44 c:/program files (x86)/mhv avr tools/bin/../lib/gcc/avr/4.8.2/../../../../avr/lib/avr5\libm.a(fp_split3.o)
                0x0000119e                __fp_split3
                0x000011ae                __fp_splitA
 .text.avr-libc.fplib
                0x000011e2        0xe c:/program files (x86)/mhv avr tools/bin/../lib/gcc/avr/4.8.2/../../../../avr/lib/avr5\libm.a(fp_zero.o)
                0x000011e2                __fp_zero
                0x000011e4                __fp_szero
 .text.avr-libc.fplib
                0x000011f0        0x4 c:/program files (x86)/mhv avr tools/bin/../lib/gcc/avr/4.8.2/../../../../avr/lib/avr5\libm.a(mulsf3.o)
                0x000011f0                __mulsf3
 .text.avr-libc.fplib
                0x000011f4       0xc2 c:/program files (x86)/mhv avr tools/bin/../lib/gcc/avr/4.8.2/../../../../avr/lib/avr5\libm.a(mulsf3x.o)
                0x00001208                __mulsf3x
                0x0000120c                __mulsf3_pse
 .text.avr-libc.fplib
                0x000012b6       0x40 c:/program files (x86)/mhv avr tools/bin/../lib/gcc/avr/4.8.2/../../../../avr/lib/avr5\libm.a(tan.o)
                0x000012b6                tan
 .text.avr-libc.fplib
                0x000012f6       0x22 c:/program files (x86)/mhv avr tools/bin/../lib/gcc/avr/4.8.2/../../../../avr/lib/avr5\libm.a(fp_powsodd.o)
                0x000012f6                __fp_powsodd
 .text.avr-libc.fplib
                0x00001318       0x50 c:/program files (x86)/mhv avr tools/bin/../lib/gcc/avr/4.8.2/../../../../avr/lib/avr5\libm.a(fp_rempio2.o)
                0x0000131a                __fp_rempio2
 .text.avr-libc.fplib
                0x00001368        0xe c:/program files (x86)/mhv avr tools/bin/../lib/gcc/avr/4.8.2/../../../../avr/lib/avr5\libm.a(inverse.o)
                0x00001368                inverse
 .text.avr-libc.fplib
                0x00001376       0x1c c:/program files (x86)/mhv avr tools/bin/../lib/gcc/avr/4.8.2/../../../../avr/lib/avr5\libm.a(fp_mpack.o)
                0x00001376                __fp_mpack
                0x0000137a                __fp_mpack_finite
 .text.avr-libc.fplib
                0x00001392       0x4a c:/program files (x86)/mhv avr tools/bin/../lib/gcc/avr/4.8.2/../../../../avr/lib/avr5\libm.a(fp_powser.o)
                0x00001392                __fp_powser
 .text.avr-libc
                0x000013dc       0x28 c:/program files (x86)/mhv avr tools/bin/../lib/gcc/avr/4.8.2/../../../../avr/lib/avr5\libc.a(printf.o)
                0x000013dc                printf
 .text.avr-libc
                0x00001404      0x3a4 c:/program files (x86)/mhv avr tools/bin/../lib/gcc/avr/4.8.2/../../../../avr/lib/avr5\libc.a(vfprintf_std.o)
                0x00001404                vfprintf
 .text.avr-libc
                0x000017a8       0x16 c:/program files (x86)/mhv avr tools/bin/../lib/gcc/avr/4.8.2/../../../../avr/lib/avr5\libc.a(strnlen_P.o)
                0x000017a8                strnlen_P
 .text.avr-libc
                0x000017be       0x16 c:/program files (x86)/mhv avr tools/bin/../lib/gcc/avr/4.8.2/../../../../avr/lib/avr5\libc.a(strnlen.o)
                0x000017be                strnlen
 .text.avr-libc
                0x000017d4       0x64 c:/program files (x86)/mhv avr tools/bin/../lib/gcc/avr/4.8.2/../../../../avr/lib/avr5\libc.a(fputc.o)
                0x000017d4                fputc
 .text.avr-libc
                0x00001838       0xbc c:/program files (x86)/mhv avr tools/bin/../lib/gcc/avr/4.8.2/../../../../avr/lib/avr5\libc.a(ultoa_invert.o)
                0x00001838                __ultoa_invert
 .text.libgcc.prologue
                0x000018f4       0x38 c:/program files (x86)/mhv avr tools/bin/../lib/gcc/avr/4.8.2/avr5\libgcc.a(_prologue.o)
                0x000018f4                __prologue_saves__
 .text.libgcc.prologue
                0x0000192c       0x36 c:/program files (x86)/mhv avr tools/bin/../lib/gcc/avr/4.8.2/avr5\libgcc.a(_epilogue.o)
                0x0000192c                __epilogue_restores__
                0x00001962                . = ALIGN (0x2)
 *(.fini9)
 .fini9         0x00001962        0x0 c:/program files (x86)/mhv avr tools/bin/../lib/gcc/avr/4.8.2/avr5\libgcc.a(_exit.o)
                0x00001962                _exit
                0x00001962                exit
 *(.fini9)
 *(.fini8)
 *(.fini8)
 *(.fini7)
 *(.fini7)
 *(.fini6)
 *(.fini6)
 *(.fini5)
 *(.fini5)
 *(.fini4)
 *(.fini4)
 *(.fini3)
 *(.fini3)
 *(.fini2)
 *(.fini2)
 *(.fini1)
 *(.fini1)
 *(.fini0)
 .fini0         0x00001962        0x4 c:/program files (x86)/mhv avr tools/bin/../lib/gcc/avr/4.8.2/avr5\libgcc.a(_exit.o)
 *(.fini0)
                0x00001966                _etext = .

.data           0x00800100       0xbc load address 0x00001966
                0x00800100                PROVIDE (__data_start, .)
 *(.data)
 .data          0x00800100        0x0 c:/program files (x86)/mhv avr tools/bin/../lib/gcc/avr/4.8.2/../../../../avr/lib/avr5/crtm644p.o
 .data          0x00800100        0x0 main.o
 .data          0x00800100        0x0 c:/program files (x86)/mhv avr tools/bin/../lib/gcc/avr/4.8.2/../../../../avr/lib/avr5\libm.a(addsf3.o)
 .data          0x00800100        0x0 c:/program files (x86)/mhv avr tools/bin/../lib/gcc/avr/4.8.2/../../../../avr/lib/avr5\libm.a(addsf3x.o)
 .data          0x00800100        0x0 c:/program files (x86)/mhv avr tools/bin/../lib/gcc/avr/4.8.2/../../../../avr/lib/avr5\libm.a(divsf3.o)
 .data          0x00800100        0x0 c:/program files (x86)/mhv avr tools/bin/../lib/gcc/avr/4.8.2/../../../../avr/lib/avr5\libm.a(divsf3x.o)
 .data          0x00800100        0x0 c:/program files (x86)/mhv avr tools/bin/../lib/gcc/avr/4.8.2/../../../../avr/lib/avr5\libm.a(fixsfsi.o)
 .data          0x00800100        0x0 c:/program files (x86)/mhv avr tools/bin/../lib/gcc/avr/4.8.2/../../../../avr/lib/avr5\libm.a(fixunssfsi.o)
 .data          0x00800100        0x0 c:/program files (x86)/mhv avr tools/bin/../lib/gcc/avr/4.8.2/../../../../avr/lib/avr5\libm.a(floatsisf.o)
 .data          0x00800100        0x0 c:/program files (x86)/mhv avr tools/bin/../lib/gcc/avr/4.8.2/../../../../avr/lib/avr5\libm.a(fp_inf.o)
 .data          0x00800100        0x0 c:/program files (x86)/mhv avr tools/bin/../lib/gcc/avr/4.8.2/../../../../avr/lib/avr5\libm.a(fp_nan.o)
 .data          0x00800100        0x0 c:/program files (x86)/mhv avr tools/bin/../lib/gcc/avr/4.8.2/../../../../avr/lib/avr5\libm.a(fp_pscA.o)
 .data          0x00800100        0x0 c:/program files (x86)/mhv avr tools/bin/../lib/gcc/avr/4.8.2/../../../../avr/lib/avr5\libm.a(fp_pscB.o)
 .data          0x00800100        0x0 c:/program files (x86)/mhv avr tools/bin/../lib/gcc/avr/4.8.2/../../../../avr/lib/avr5\libm.a(fp_round.o)
 .data          0x00800100        0x0 c:/program files (x86)/mhv avr tools/bin/../lib/gcc/avr/4.8.2/../../../../avr/lib/avr5\libm.a(fp_split3.o)
 .data          0x00800100        0x0 c:/program files (x86)/mhv avr tools/bin/../lib/gcc/avr/4.8.2/../../../../avr/lib/avr5\libm.a(fp_zero.o)
 .data          0x00800100        0x0 c:/program files (x86)/mhv avr tools/bin/../lib/gcc/avr/4.8.2/../../../../avr/lib/avr5\libm.a(mulsf3.o)
 .data          0x00800100        0x0 c:/program files (x86)/mhv avr tools/bin/../lib/gcc/avr/4.8.2/../../../../avr/lib/avr5\libm.a(mulsf3x.o)
 .data          0x00800100        0x0 c:/program files (x86)/mhv avr tools/bin/../lib/gcc/avr/4.8.2/../../../../avr/lib/avr5\libm.a(tan.o)
 .data          0x00800100        0x0 c:/program files (x86)/mhv avr tools/bin/../lib/gcc/avr/4.8.2/../../../../avr/lib/avr5\libm.a(fp_powsodd.o)
 .data          0x00800100        0x0 c:/program files (x86)/mhv avr tools/bin/../lib/gcc/avr/4.8.2/../../../../avr/lib/avr5\libm.a(fp_rempio2.o)
 .data          0x00800100        0x0 c:/program files (x86)/mhv avr tools/bin/../lib/gcc/avr/4.8.2/../../../../avr/lib/avr5\libm.a(inverse.o)
 .data          0x00800100        0x0 c:/program files (x86)/mhv avr tools/bin/../lib/gcc/avr/4.8.2/../../../../avr/lib/avr5\libm.a(fp_mpack.o)
 .data          0x00800100        0x0 c:/program files (x86)/mhv avr tools/bin/../lib/gcc/avr/4.8.2/../../../../avr/lib/avr5\libm.a(fp_powser.o)
 .data          0x00800100        0xe C:\Users\RoryWork\Documents\Code\IlMatto\C11\AtmelStudio\C11\C11\liblcd.a(lcd.o)
                0x00800100                display
 .data          0x0080010e       0x33 C:\Users\RoryWork\Documents\Code\IlMatto\C11\AtmelStudio\C11\C11\liblcd.a(ili934x.o)
 .data          0x00800141        0x0 C:\Users\RoryWork\Documents\Code\IlMatto\C11\AtmelStudio\C11\C11\liblcd.a(font.o)
 .data          0x00800141        0x0 c:/program files (x86)/mhv avr tools/bin/../lib/gcc/avr/4.8.2/avr5\libgcc.a(_exit.o)
 .data          0x00800141        0x0 c:/program files (x86)/mhv avr tools/bin/../lib/gcc/avr/4.8.2/avr5\libgcc.a(_copy_data.o)
 .data          0x00800141        0x0 c:/program files (x86)/mhv avr tools/bin/../lib/gcc/avr/4.8.2/avr5\libgcc.a(_clear_bss.o)
 .data          0x00800141        0x0 c:/program files (x86)/mhv avr tools/bin/../lib/gcc/avr/4.8.2/../../../../avr/lib/avr5\libc.a(iob.o)
 .data          0x00800141        0x0 c:/program files (x86)/mhv avr tools/bin/../lib/gcc/avr/4.8.2/../../../../avr/lib/avr5\libc.a(printf.o)
 .data          0x00800141        0x0 c:/program files (x86)/mhv avr tools/bin/../lib/gcc/avr/4.8.2/../../../../avr/lib/avr5\libc.a(vfprintf_std.o)
 .data          0x00800141        0x0 c:/program files (x86)/mhv avr tools/bin/../lib/gcc/avr/4.8.2/../../../../avr/lib/avr5\libc.a(strnlen_P.o)
 .data          0x00800141        0x0 c:/program files (x86)/mhv avr tools/bin/../lib/gcc/avr/4.8.2/../../../../avr/lib/avr5\libc.a(strnlen.o)
 .data          0x00800141        0x0 c:/program files (x86)/mhv avr tools/bin/../lib/gcc/avr/4.8.2/../../../../avr/lib/avr5\libc.a(fputc.o)
 .data          0x00800141        0x0 c:/program files (x86)/mhv avr tools/bin/../lib/gcc/avr/4.8.2/../../../../avr/lib/avr5\libc.a(ultoa_invert.o)
 .data          0x00800141        0x0 c:/program files (x86)/mhv avr tools/bin/../lib/gcc/avr/4.8.2/avr5\libgcc.a(_prologue.o)
 .data          0x00800141        0x0 c:/program files (x86)/mhv avr tools/bin/../lib/gcc/avr/4.8.2/avr5\libgcc.a(_epilogue.o)
 *(.data*)
 .data.theta.1963
                0x00800141        0x2 main.o
 .data.direction.1962
                0x00800143        0x2 main.o
 .data.rect.1961
                0x00800145        0x8 main.o
 .data.uin.1954
                0x0080014d        0xe main.o
 .data.uout.1953
                0x0080015b        0xe main.o
 *(.rodata)
 *(.rodata*)
 .rodata.str1.1
                0x00800169       0x52 main.o
 *(.gnu.linkonce.d*)
                0x008001bc                . = ALIGN (0x2)
 *fill*         0x008001bb        0x1 
                0x008001bc                _edata = .
                0x008001bc                PROVIDE (__data_end, .)

.bss            0x008001bc        0x8
                0x008001bc                PROVIDE (__bss_start, .)
 *(.bss)
 *(.bss*)
 .bss.intercept.1964
                0x008001bc        0x2 main.o
 *(COMMON)
 COMMON         0x008001be        0x6 c:/program files (x86)/mhv avr tools/bin/../lib/gcc/avr/4.8.2/../../../../avr/lib/avr5\libc.a(iob.o)
                0x008001be                __iob
                0x008001c4                PROVIDE (__bss_end, .)
                0x00001966                __data_load_start = LOADADDR (.data)
                0x00001a22                __data_load_end = (__data_load_start + SIZEOF (.data))

.noinit         0x008001c4        0x0
                0x008001c4                PROVIDE (__noinit_start, .)
 *(.noinit*)
                0x008001c4                PROVIDE (__noinit_end, .)
                0x008001c4                _end = .
                0x008001c4                PROVIDE (__heap_start, .)

.eeprom         0x00810000        0x0
 *(.eeprom*)
                0x00810000                __eeprom_end = .

.fuse
 *(.fuse)
 *(.lfuse)
 *(.hfuse)
 *(.efuse)

.lock
 *(.lock*)

.signature
 *(.signature*)

.stab
 *(.stab)

.stabstr
 *(.stabstr)

.stab.excl
 *(.stab.excl)

.stab.exclstr
 *(.stab.exclstr)

.stab.index
 *(.stab.index)

.stab.indexstr
 *(.stab.indexstr)

.comment        0x00000000       0x27
 *(.comment)
 .comment       0x00000000       0x27 main.o
                                 0x28 (size before relaxing)
 .comment       0x00000000       0x28 c:/program files (x86)/mhv avr tools/bin/../lib/gcc/avr/4.8.2/../../../../avr/lib/avr5\libc.a(iob.o)
 .comment       0x00000000       0x28 c:/program files (x86)/mhv avr tools/bin/../lib/gcc/avr/4.8.2/../../../../avr/lib/avr5\libc.a(printf.o)
 .comment       0x00000000       0x28 c:/program files (x86)/mhv avr tools/bin/../lib/gcc/avr/4.8.2/../../../../avr/lib/avr5\libc.a(vfprintf_std.o)
 .comment       0x00000000       0x28 c:/program files (x86)/mhv avr tools/bin/../lib/gcc/avr/4.8.2/../../../../avr/lib/avr5\libc.a(fputc.o)

.note.gnu.build-id
 *(.note.gnu.build-id)

.debug
 *(.debug)

.line
 *(.line)

.debug_srcinfo
 *(.debug_srcinfo)

.debug_sfnames
 *(.debug_sfnames)

.debug_aranges  0x00000000      0x120
 *(.debug_aranges)
 .debug_aranges
                0x00000000       0x40 main.o
 .debug_aranges
                0x00000040       0x20 C:\Users\RoryWork\Documents\Code\IlMatto\C11\AtmelStudio\C11\C11\liblcd.a(lcd.o)
 .debug_aranges
                0x00000060       0x20 C:\Users\RoryWork\Documents\Code\IlMatto\C11\AtmelStudio\C11\C11\liblcd.a(ili934x.o)
 .debug_aranges
                0x00000080       0x20 c:/program files (x86)/mhv avr tools/bin/../lib/gcc/avr/4.8.2/avr5\libgcc.a(_exit.o)
 .debug_aranges
                0x000000a0       0x20 c:/program files (x86)/mhv avr tools/bin/../lib/gcc/avr/4.8.2/avr5\libgcc.a(_copy_data.o)
 .debug_aranges
                0x000000c0       0x20 c:/program files (x86)/mhv avr tools/bin/../lib/gcc/avr/4.8.2/avr5\libgcc.a(_clear_bss.o)
 .debug_aranges
                0x000000e0       0x20 c:/program files (x86)/mhv avr tools/bin/../lib/gcc/avr/4.8.2/avr5\libgcc.a(_prologue.o)
 .debug_aranges
                0x00000100       0x20 c:/program files (x86)/mhv avr tools/bin/../lib/gcc/avr/4.8.2/avr5\libgcc.a(_epilogue.o)

.debug_pubnames
 *(.debug_pubnames)

.debug_info     0x00000000     0x1779
 *(.debug_info .gnu.linkonce.wi.*)
 .debug_info    0x00000000      0x6cc c:/program files (x86)/mhv avr tools/bin/../lib/gcc/avr/4.8.2/../../../../avr/lib/avr5/crtm644p.o
 .debug_info    0x000006cc      0x466 main.o
 .debug_info    0x00000b32      0x3d9 C:\Users\RoryWork\Documents\Code\IlMatto\C11\AtmelStudio\C11\C11\liblcd.a(lcd.o)
 .debug_info    0x00000f0b      0x4cc C:\Users\RoryWork\Documents\Code\IlMatto\C11\AtmelStudio\C11\C11\liblcd.a(ili934x.o)
 .debug_info    0x000013d7       0x91 C:\Users\RoryWork\Documents\Code\IlMatto\C11\AtmelStudio\C11\C11\liblcd.a(font.o)
 .debug_info    0x00001468       0x9d c:/program files (x86)/mhv avr tools/bin/../lib/gcc/avr/4.8.2/avr5\libgcc.a(_exit.o)
 .debug_info    0x00001505       0x9d c:/program files (x86)/mhv avr tools/bin/../lib/gcc/avr/4.8.2/avr5\libgcc.a(_copy_data.o)
 .debug_info    0x000015a2       0x9d c:/program files (x86)/mhv avr tools/bin/../lib/gcc/avr/4.8.2/avr5\libgcc.a(_clear_bss.o)
 .debug_info    0x0000163f       0x9d c:/program files (x86)/mhv avr tools/bin/../lib/gcc/avr/4.8.2/avr5\libgcc.a(_prologue.o)
 .debug_info    0x000016dc       0x9d c:/program files (x86)/mhv avr tools/bin/../lib/gcc/avr/4.8.2/avr5\libgcc.a(_epilogue.o)

.debug_abbrev   0x00000000      0xbea
 *(.debug_abbrev)
 .debug_abbrev  0x00000000      0x66e c:/program files (x86)/mhv avr tools/bin/../lib/gcc/avr/4.8.2/../../../../avr/lib/avr5/crtm644p.o
 .debug_abbrev  0x0000066e      0x244 main.o
 .debug_abbrev  0x000008b2      0x160 C:\Users\RoryWork\Documents\Code\IlMatto\C11\AtmelStudio\C11\C11\liblcd.a(lcd.o)
 .debug_abbrev  0x00000a12      0x113 C:\Users\RoryWork\Documents\Code\IlMatto\C11\AtmelStudio\C11\C11\liblcd.a(ili934x.o)
 .debug_abbrev  0x00000b25       0x61 C:\Users\RoryWork\Documents\Code\IlMatto\C11\AtmelStudio\C11\C11\liblcd.a(font.o)
 .debug_abbrev  0x00000b86       0x14 c:/program files (x86)/mhv avr tools/bin/../lib/gcc/avr/4.8.2/avr5\libgcc.a(_exit.o)
 .debug_abbrev  0x00000b9a       0x14 c:/program files (x86)/mhv avr tools/bin/../lib/gcc/avr/4.8.2/avr5\libgcc.a(_copy_data.o)
 .debug_abbrev  0x00000bae       0x14 c:/program files (x86)/mhv avr tools/bin/../lib/gcc/avr/4.8.2/avr5\libgcc.a(_clear_bss.o)
 .debug_abbrev  0x00000bc2       0x14 c:/program files (x86)/mhv avr tools/bin/../lib/gcc/avr/4.8.2/avr5\libgcc.a(_prologue.o)
 .debug_abbrev  0x00000bd6       0x14 c:/program files (x86)/mhv avr tools/bin/../lib/gcc/avr/4.8.2/avr5\libgcc.a(_epilogue.o)

.debug_line     0x00000000      0x742
 *(.debug_line .debug_line.* .debug_line_end)
 .debug_line    0x00000000       0x1a c:/program files (x86)/mhv avr tools/bin/../lib/gcc/avr/4.8.2/../../../../avr/lib/avr5/crtm644p.o
 .debug_line    0x0000001a      0x13b main.o
 .debug_line    0x00000155      0x1a5 C:\Users\RoryWork\Documents\Code\IlMatto\C11\AtmelStudio\C11\C11\liblcd.a(lcd.o)
 .debug_line    0x000002fa      0x179 C:\Users\RoryWork\Documents\Code\IlMatto\C11\AtmelStudio\C11\C11\liblcd.a(ili934x.o)
 .debug_line    0x00000473       0x7c C:\Users\RoryWork\Documents\Code\IlMatto\C11\AtmelStudio\C11\C11\liblcd.a(font.o)
 .debug_line    0x000004ef       0x69 c:/program files (x86)/mhv avr tools/bin/../lib/gcc/avr/4.8.2/avr5\libgcc.a(_exit.o)
 .debug_line    0x00000558       0x72 c:/program files (x86)/mhv avr tools/bin/../lib/gcc/avr/4.8.2/avr5\libgcc.a(_copy_data.o)
 .debug_line    0x000005ca       0x6f c:/program files (x86)/mhv avr tools/bin/../lib/gcc/avr/4.8.2/avr5\libgcc.a(_clear_bss.o)
 .debug_line    0x00000639       0x85 c:/program files (x86)/mhv avr tools/bin/../lib/gcc/avr/4.8.2/avr5\libgcc.a(_prologue.o)
 .debug_line    0x000006be       0x84 c:/program files (x86)/mhv avr tools/bin/../lib/gcc/avr/4.8.2/avr5\libgcc.a(_epilogue.o)

.debug_frame    0x00000000      0x248
 *(.debug_frame)
 .debug_frame   0x00000000      0x114 main.o
 .debug_frame   0x00000114      0x110 C:\Users\RoryWork\Documents\Code\IlMatto\C11\AtmelStudio\C11\C11\liblcd.a(lcd.o)
 .debug_frame   0x00000224       0x24 C:\Users\RoryWork\Documents\Code\IlMatto\C11\AtmelStudio\C11\C11\liblcd.a(ili934x.o)

.debug_str      0x00000000      0x5d9
 *(.debug_str)
 .debug_str     0x00000000      0x255 c:/program files (x86)/mhv avr tools/bin/../lib/gcc/avr/4.8.2/../../../../avr/lib/avr5/crtm644p.o
 .debug_str     0x00000255      0x247 main.o
                                0x296 (size before relaxing)
 .debug_str     0x0000049c       0xc8 C:\Users\RoryWork\Documents\Code\IlMatto\C11\AtmelStudio\C11\C11\liblcd.a(lcd.o)
                                0x1cd (size before relaxing)
 .debug_str     0x00000564       0x6e C:\Users\RoryWork\Documents\Code\IlMatto\C11\AtmelStudio\C11\C11\liblcd.a(ili934x.o)
                                0x13a (size before relaxing)
 .debug_str     0x000005d2        0x7 C:\Users\RoryWork\Documents\Code\IlMatto\C11\AtmelStudio\C11\C11\liblcd.a(font.o)
                                 0xc6 (size before relaxing)

.debug_loc      0x00000000      0x97e
 *(.debug_loc)
 .debug_loc     0x00000000      0x158 main.o
 .debug_loc     0x00000158      0x511 C:\Users\RoryWork\Documents\Code\IlMatto\C11\AtmelStudio\C11\C11\liblcd.a(lcd.o)
 .debug_loc     0x00000669      0x315 C:\Users\RoryWork\Documents\Code\IlMatto\C11\AtmelStudio\C11\C11\liblcd.a(ili934x.o)

.debug_macinfo
 *(.debug_macinfo)

.debug_weaknames
 *(.debug_weaknames)

.debug_funcnames
 *(.debug_funcnames)

.debug_typenames
 *(.debug_typenames)

.debug_varnames
 *(.debug_varnames)

.debug_pubtypes
 *(.debug_pubtypes)

.debug_ranges   0x00000000       0x48
 *(.debug_ranges)
 .debug_ranges  0x00000000       0x30 main.o
 .debug_ranges  0x00000030       0x18 C:\Users\RoryWork\Documents\Code\IlMatto\C11\AtmelStudio\C11\C11\liblcd.a(ili934x.o)

.debug_macro
 *(.debug_macro)
OUTPUT(C11.elf elf32-avr)
LOAD linker stubs
